// Jest Snapshot v1, https://goo.gl/fbAQLP

exports[`should take a snapshot 1`] = `
<DocumentFragment>
  <div>
    <button
      style="height: 4vh; width: 4vh; border-radius: 50%; font-size: 22px; color: white; background-color: rgb(126, 67, 215); border-width: 0px; cursor: pointer;"
    >
      +
    </button>
  </div>
</DocumentFragment>
`;
